AWX Kubectl

systemctl status k3s.service

[root@ansible ~]# kubectl version --short
Client Version: v1.23.6+k3s1
Server Version: v1.23.6+k3s1

[root@ansible awx-operator]# export NAMESPACE=awx
[root@ansible awx-operator]# kubectl create ns ${NAMESPACE}
[root@ansible awx-operator]# kubectl config set-context --current --namespace=$NAMESPACE 
Context "default" modified.

[root@ansible awx-operator]# kubectl -n awx get secret awx-admin-password -o go-template='{{range $k,$v := .data}}{{printf "%s: " $k}}{{if not $v}}{{$v}}{{else}}{{$v | base64decode}}{{end}}{{"\n"}}{{end}}'
password: bJIgwwHWlfuOEF0T3Wn9Bx0MabdNVTBZ


[root@ansible awx-operator]# kubectl get service -n awx
NAME                                              TYPE        CLUSTER-IP     EXTERNAL-IP   PORT(S)        AGE
awx-operator-controller-manager-metrics-service   ClusterIP   10.43.218.79   <none>        8443/TCP       14m
awx-postgres                                      ClusterIP   None           <none>        5432/TCP       10m
awx-service                                       NodePort    10.43.137.69   <none>        80:30080/TCP   8m29s



[root@ansible awx-operator]# kubectl get nodes
NAME      STATUS   ROLES                  AGE   VERSION
ansible   Ready    control-plane,master   10h   v1.23.6+k3s1

[root@ansible awx-operator]# kubectl get pods
NAME                                               READY   STATUS    RESTARTS   AGE
awx-operator-controller-manager-675865446d-zhvq7   2/2     Running   0          10h
awx-postgres-0                                     1/1     Running   0          10h
awx-59cf45d8d4-6rsgf                               4/4     Running   0          10h


[root@ansible awx-operator]# kubectl get pods -A
NAMESPACE     NAME                                               READY   STATUS      RESTARTS   AGE
kube-system   local-path-provisioner-6c79684f77-fd8w2            1/1     Running     0          10h
kube-system   coredns-d76bd69b-2vpjn                             1/1     Running     0          10h
kube-system   helm-install-traefik-crd-cdk67                     0/1     Completed   0          10h
kube-system   metrics-server-7cd5fcb6b7-58mm2                    1/1     Running     0          10h
kube-system   helm-install-traefik-7q7mw                         0/1     Completed   2          10h
kube-system   svclb-traefik-9g8rb                                2/2     Running     0          10h
kube-system   traefik-df4ff85d6-cnhpb                            1/1     Running     0          10h
awx           awx-operator-controller-manager-675865446d-zhvq7   2/2     Running     0          10h
awx           awx-postgres-0                                     1/1     Running     0          10h
awx           awx-59cf45d8d4-6rsgf                               4/4     Running     0          10h

[root@ansible awx-operator]# kubectl exec -ti deploy/awx  -c  awx-task -- /bin/bash

[root@ansible ~]# kubectl get ingress
No resources found in awx namespace.

[root@ansible ~]# kubectl  get pvc
NAME                      STATUS   VOLUME                                     CAPACITY   ACCESS MODES   STORAGECLASS   AGE
postgres-awx-postgres-0   Bound    pvc-52ea4635-fcb1-4069-af9c-830160082af6   8Gi        RWO            local-path     5m9s
public-static-data-pvc    Bound    pvc-db3655a7-db59-4b21-bac3-44abe62a2fdf   8Gi        RWO            local-path     7m16s
awx-projects-claim        Bound    pvc-745dbe41-1eec-41ef-a3d6-5e1cb43f1802   8Gi        RWO            local-path     3m34s


[root@ansible awx-operator]# kubectl get services
NAME                                              TYPE        CLUSTER-IP     EXTERNAL-IP   PORT(S)        AGE
awx-operator-controller-manager-metrics-service   ClusterIP   10.43.218.79   <none>        8443/TCP       10h
awx-postgres                                      ClusterIP   None           <none>        5432/TCP       10h
awx-service                                       NodePort    10.43.137.69   <none>        80:30080/TCP   10h

[root@ansible awx-operator]# kubectl get endpoints
NAME                                              ENDPOINTS         AGE
awx-operator-controller-manager-metrics-service   10.42.0.9:8443    10h
awx-postgres                                      10.42.0.11:5432   10h
awx-service                                       10.42.0.14:8052   10h

[root@ansible awx-operator]# kubectl get services,endpoints
NAME                                                      TYPE        CLUSTER-IP     EXTERNAL-IP   PORT(S)        AGE
service/awx-operator-controller-manager-metrics-service   ClusterIP   10.43.218.79   <none>        8443/TCP       10h
service/awx-postgres                                      ClusterIP   None           <none>        5432/TCP       10h
service/awx-service                                       NodePort    10.43.137.69   <none>        80:30080/TCP   10h

NAME                                                        ENDPOINTS         AGE
endpoints/awx-operator-controller-manager-metrics-service   10.42.0.9:8443    10h
endpoints/awx-postgres                                      10.42.0.11:5432   10h
endpoints/awx-service                                       10.42.0.14:8052   10h


How to Check AWX Containerâ€™s logs
The awx-xxx-yyy pod will have four containers, namely:

redis
awx-web
awx-task
awx-ee
As can be seen from below command output:

# kubectl get deploy
NAME                              READY   UP-TO-DATE   AVAILABLE   AGE
awx-operator-controller-manager   1/1     1            1           9m58s
awx                               1/1     1            1           7m47s

# kubectl -n awx  logs deploy/awx
error: a container name must be specified for pod awx-66596c8fcb-s28tw, choose one of: [redis awx-web awx-task awx-ee] or one of the init containers: [database-check init]
Specify the name of the container for which you need to check its logs.

kubectl -n awx  logs deploy/awx -c awx-task
kubectl -n awx  logs deploy/awx -c redis
kubectl -n awx  logs deploy/awx -c awx-web
kubectl -n awx  logs deploy/awx -c awx-ee

Accessing AWX Pod container shell
Commands used to check the logs of each container.

kubectl exec -ti deploy/awx  -c  awx-task -- /bin/bash
kubectl exec -ti deploy/awx  -c  awx-ee -- /bin/bash
kubectl exec -ti deploy/awx  -c  redis -- /bin/bash
kubectl exec -ti deploy/awx  -c  awx-web -- /bin/bash
To get out of the shell, just type exit

bash-5.1$ exit
exit



############
[root@ansible ~]# df -h
Filesystem               Size  Used Avail Use% Mounted on
devtmpfs                 2.0G     0  2.0G   0% /dev
tmpfs                    2.0G     0  2.0G   0% /dev/shm
tmpfs                    2.0G   13M  2.0G   1% /run
tmpfs                    2.0G     0  2.0G   0% /sys/fs/cgroup
/dev/mapper/rootvg-root   75G  7.7G   68G  11% /
/dev/sda1               1014M  198M  817M  20% /boot
tmpfs                    394M     0  394M   0% /run/user/0
tmpfs                    170M   12K  170M   1% /var/lib/kubelet/pods/e27550c3-45b8-46d5-9e07-f0b2e3979c90/volumes/kubernetes.io~projected/kube-api-access-bdc8j
tmpfs                    3.9G   12K  3.9G   1% /var/lib/kubelet/pods/ddc11daa-c66e-46e4-9ee6-ed617396ccf6/volumes/kubernetes.io~projected/kube-api-access-nfl76
tmpfs                    3.9G   12K  3.9G   1% /var/lib/kubelet/pods/fabbb67b-3ef7-4fda-9c63-46a61331ed78/volumes/kubernetes.io~projected/kube-api-access-l855s
shm                       64M     0   64M   0% /run/k3s/containerd/io.containerd.grpc.v1.cri/sandboxes/56aad7d8c56efe95eb21b8d157ef1ebf5fda81e0374343d81074ca5f1025890c/shm
shm                       64M     0   64M   0% /run/k3s/containerd/io.containerd.grpc.v1.cri/sandboxes/9fbd7bde5b6e31805740c25b2b0b60eeea4c9e3d06113fbe5aee75b12ee7ceed/shm
overlay                   75G  7.7G   68G  11% /run/k3s/containerd/io.containerd.runtime.v2.task/k8s.io/56aad7d8c56efe95eb21b8d157ef1ebf5fda81e0374343d81074ca5f1025890c/rootfs
overlay                   75G  7.7G   68G  11% /run/k3s/containerd/io.containerd.runtime.v2.task/k8s.io/9fbd7bde5b6e31805740c25b2b0b60eeea4c9e3d06113fbe5aee75b12ee7ceed/rootfs
shm                       64M     0   64M   0% /run/k3s/containerd/io.containerd.grpc.v1.cri/sandboxes/e8504d9d09bcdddbdc7477d9a54d41dc2253ffdc3daff14e5bdeec7681467368/shm
overlay                   75G  7.7G   68G  11% /run/k3s/containerd/io.containerd.runtime.v2.task/k8s.io/e8504d9d09bcdddbdc7477d9a54d41dc2253ffdc3daff14e5bdeec7681467368/rootfs
overlay                   75G  7.7G   68G  11% /run/k3s/containerd/io.containerd.runtime.v2.task/k8s.io/a055d23bdc42525a84e638dd5baba9ba53829c4a4d18561313e575fb45aae383/rootfs
overlay                   75G  7.7G   68G  11% /run/k3s/containerd/io.containerd.runtime.v2.task/k8s.io/6b07d366a4b73287377dda2e280fa610d36f42145f9c7bd3cd4a85a730c61f7a/rootfs
overlay                   75G  7.7G   68G  11% /run/k3s/containerd/io.containerd.runtime.v2.task/k8s.io/d4f1f5311c4e71183af4d0617a3c089e94994380b3586ebde13abd510b694e0b/rootfs
tmpfs                    3.9G   12K  3.9G   1% /var/lib/kubelet/pods/b917fd5d-428c-4f8b-80ce-7cf3b31d476c/volumes/kubernetes.io~projected/kube-api-access-5wvrm
shm                       64M     0   64M   0% /run/k3s/containerd/io.containerd.grpc.v1.cri/sandboxes/7d3d965a3e7f414f01a2e423a8dde6db6756396da015e9b8ccd1f8cd101869dc/shm
overlay                   75G  7.7G   68G  11% /run/k3s/containerd/io.containerd.runtime.v2.task/k8s.io/7d3d965a3e7f414f01a2e423a8dde6db6756396da015e9b8ccd1f8cd101869dc/rootfs
shm                       64M     0   64M   0% /run/k3s/containerd/io.containerd.grpc.v1.cri/sandboxes/35a61b0654cee24ca25b7e2eb1aac3601020ab58b148bcbf3f82a030aa4c3c17/shm
overlay                   75G  7.7G   68G  11% /run/k3s/containerd/io.containerd.runtime.v2.task/k8s.io/35a61b0654cee24ca25b7e2eb1aac3601020ab58b148bcbf3f82a030aa4c3c17/rootfs
overlay                   75G  7.7G   68G  11% /run/k3s/containerd/io.containerd.runtime.v2.task/k8s.io/59b8b08aa541a2cb70fc1df4f3768a28a8b80f5cd4a1b7ed4f8d21f20669276e/rootfs
overlay                   75G  7.7G   68G  11% /run/k3s/containerd/io.containerd.runtime.v2.task/k8s.io/2c5b1cb3e5232101234b4da3b795912633e0e4518f13bbaec4e73e7b85e0a4ae/rootfs
overlay                   75G  7.7G   68G  11% /run/k3s/containerd/io.containerd.runtime.v2.task/k8s.io/713c7dd5a9c5637cf17f4d7bd6242df45a8fe179b344ec96a23ec6d3f65585d6/rootfs
tmpfs                    3.9G   12K  3.9G   1% /var/lib/kubelet/pods/087f407a-79b3-4873-870c-3a5753945d32/volumes/kubernetes.io~projected/kube-api-access-8xjnr
shm                       64M     0   64M   0% /run/k3s/containerd/io.containerd.grpc.v1.cri/sandboxes/6dc3a32af85a350465a166a75e50d2b6a30b2473d4993725895cf2bf10f04fc0/shm
overlay                   75G  7.7G   68G  11% /run/k3s/containerd/io.containerd.runtime.v2.task/k8s.io/6dc3a32af85a350465a166a75e50d2b6a30b2473d4993725895cf2bf10f04fc0/rootfs
overlay                   75G  7.7G   68G  11% /run/k3s/containerd/io.containerd.runtime.v2.task/k8s.io/97e6452274f62a3ad7370fd2f31bf0793ae417c9bbb9e83eef2b34a24b5e5c36/rootfs
overlay                   75G  7.7G   68G  11% /run/k3s/containerd/io.containerd.runtime.v2.task/k8s.io/4982ecd7884004a4047715528a250a6339c143da4f4be747d38c5a800d35c7af/rootfs
tmpfs                    3.9G   12K  3.9G   1% /var/lib/kubelet/pods/14107e77-6a9f-496a-a4d2-9e8449f7caaa/volumes/kubernetes.io~projected/kube-api-access-lkdfl
shm                       64M   16K   64M   1% /run/k3s/containerd/io.containerd.grpc.v1.cri/sandboxes/8e21927b6dead834f481e02e87b579fbdd0bc95f948e1fc59f84f116cb03c3ba/shm
overlay                   75G  7.7G   68G  11% /run/k3s/containerd/io.containerd.runtime.v2.task/k8s.io/8e21927b6dead834f481e02e87b579fbdd0bc95f948e1fc59f84f116cb03c3ba/rootfs
overlay                   75G  7.7G   68G  11% /run/k3s/containerd/io.containerd.runtime.v2.task/k8s.io/0746c3a7251463b4a56f5dd62a3baf34b272ec763bb3fc242adaff4c712d8255/rootfs
tmpfs                    3.9G  4.0K  3.9G   1% /var/lib/kubelet/pods/3cf32ec5-05b7-42a7-ba0a-791e0ffb3879/volumes/kubernetes.io~secret/awx-secret-key
tmpfs                    3.9G   12K  3.9G   1% /var/lib/kubelet/pods/3cf32ec5-05b7-42a7-ba0a-791e0ffb3879/volumes/kubernetes.io~secret/awx-application-credentials
tmpfs                    3.9G   12K  3.9G   1% /var/lib/kubelet/pods/3cf32ec5-05b7-42a7-ba0a-791e0ffb3879/volumes/kubernetes.io~projected/kube-api-access-ll6k2
shm                       64M  240K   64M   1% /run/k3s/containerd/io.containerd.grpc.v1.cri/sandboxes/3da86d3bbe45550256ed457394a919c4e3ebd1fcacc76a63db207caf583addc1/shm
overlay                   75G  7.7G   68G  11% /run/k3s/containerd/io.containerd.runtime.v2.task/k8s.io/3da86d3bbe45550256ed457394a919c4e3ebd1fcacc76a63db207caf583addc1/rootfs
overlay                   75G  7.7G   68G  11% /run/k3s/containerd/io.containerd.runtime.v2.task/k8s.io/b61f86ec44286d513b706daa4aa0de52e09b5884108b8c3ff571f680648d88ca/rootfs
overlay                   75G  7.7G   68G  11% /run/k3s/containerd/io.containerd.runtime.v2.task/k8s.io/fa1e57139cba5aefee70732cfca0c76bbdf36c215d3315de6e86138db6377a59/rootfs
overlay                   75G  7.7G   68G  11% /run/k3s/containerd/io.containerd.runtime.v2.task/k8s.io/331048fb7df244904e44ba62b62847c1b50a0467afd93411652b7cfbc22c50b2/rootfs
overlay                   75G  7.7G   68G  11% /run/k3s/containerd/io.containerd.runtime.v2.task/k8s.io/e4666f708cac26b5905c4988fae03b5f1848c282de78ca66ccb7c9a68d2e402d/rootfs
